// Vitest Snapshot v1, https://vitest.dev/guide/snapshot.html

exports[`Case test empty-pattern-with-attributes/Test.svelte > should render 1`] = `
<div>
  Some text
  
</div>
`;

exports[`Case test localize-store/Test.svelte > should render 1`] = `
<div>
  <div
    id="plain"
  >
    Test
	Attribute
  </div>
   
  <div
    id="with-vars"
  >
    Test ⁨with variables⁩
	Attribute ⁨with variables⁩
  </div>
  
</div>
`;

exports[`Case test readme-example/Test.svelte > should render 1`] = `
<div>
  <strong>
    <!---->
    <!---->
    <span>
      <!---->
      <!---->
      <!---->
      Hello, ⁨Anna⁩!
      
      
      
      
    </span>
    
    
    <!---->
  </strong>
   
  <p>
    <!---->
    <!---->
    <span>
      <!---->
      <!---->
      <!---->
      ⁨Anna⁩ ⁨added ⁨3⁩ new photos⁩ to ⁨the public stream⁩.
      
      
      
      
    </span>
    
    
    <!---->
  </p>
  
</div>
`;
